// Jest Snapshot v1, https://goo.gl/fbAQLP

exports[`matches snapshot 1`] = `
<DocumentFragment>
  <div
    class="story-container"
  >
    <h3 />
    <p />
    <button
      type="button"
    >
      Start Over
    </button>
  </div>
</DocumentFragment>
`;
